[2025-08-05T02:00:14.020+0000] {taskinstance.py:1125} INFO - Dependencies all met for dep_context=non-requeueable deps ti=<TaskInstance: saas_dag.churn_analysis manual__2025-08-05T01:59:55.360560+00:00 [queued]>
[2025-08-05T02:00:14.026+0000] {taskinstance.py:1125} INFO - Dependencies all met for dep_context=requeueable deps ti=<TaskInstance: saas_dag.churn_analysis manual__2025-08-05T01:59:55.360560+00:00 [queued]>
[2025-08-05T02:00:14.027+0000] {taskinstance.py:1331} INFO - Starting attempt 1 of 4
[2025-08-05T02:00:14.042+0000] {taskinstance.py:1350} INFO - Executing <Task(_PythonDecoratedOperator): churn_analysis> on 2025-08-05 01:59:55.360560+00:00
[2025-08-05T02:00:14.046+0000] {standard_task_runner.py:57} INFO - Started process 483 to run task
[2025-08-05T02:00:14.050+0000] {standard_task_runner.py:84} INFO - Running: ['airflow', 'tasks', 'run', 'saas_dag', 'churn_analysis', 'manual__2025-08-05T01:59:55.360560+00:00', '--job-id', '22', '--raw', '--subdir', 'DAGS_FOLDER/project_dag.py', '--cfg-path', '/tmp/tmpkwaz3vvf']
[2025-08-05T02:00:14.052+0000] {standard_task_runner.py:85} INFO - Job 22: Subtask churn_analysis
[2025-08-05T02:00:14.095+0000] {task_command.py:410} INFO - Running <TaskInstance: saas_dag.churn_analysis manual__2025-08-05T01:59:55.360560+00:00 [running]> on host dfbd74e97932
[2025-08-05T02:00:14.553+0000] {taskinstance.py:1568} INFO - Exporting env vars: AIRFLOW_CTX_DAG_OWNER='Cody Lee' AIRFLOW_CTX_DAG_ID='saas_dag' AIRFLOW_CTX_TASK_ID='churn_analysis' AIRFLOW_CTX_EXECUTION_DATE='2025-08-05T01:59:55.360560+00:00' AIRFLOW_CTX_TRY_NUMBER='1' AIRFLOW_CTX_DAG_RUN_ID='manual__2025-08-05T01:59:55.360560+00:00'
[2025-08-05T02:00:17.132+0000] {logging_mixin.py:149} INFO - Null counts:
[2025-08-05T02:00:17.133+0000] {logging_mixin.py:149} INFO -  client_tenure_months                    0
sessions_last_30d                       0
csat_score                           2146
comment_sentiment_score              2146
support_tickets_30d                     0
last_login_days                         0
feature_purchased_Analytics             0
feature_purchased_Automation            0
feature_purchased_Core                  0
feature_purchased_Premium Support       0
industry_EdTech                         0
industry_E -Commerce                    0
industry_FinTech                        0
industry_HealthTech                     0
industry_Logistics                      0
industry_MarTech                        0
industry_SMB SaaS                       0
region_Europe                           0
region_LATAM                            0
region_North America                    0
dtype: int64
[2025-08-05T02:00:17.134+0000] {logging_mixin.py:149} INFO - Any NaNs in X? True
[2025-08-05T02:00:17.136+0000] {taskinstance.py:1847} ERROR - Task failed with exception
Traceback (most recent call last):
  File "/home/airflow/.local/lib/python3.10/site-packages/airflow/decorators/base.py", line 220, in execute
    return_value = super().execute(context)
  File "/home/airflow/.local/lib/python3.10/site-packages/airflow/operators/python.py", line 181, in execute
    return_value = self.execute_callable()
  File "/home/airflow/.local/lib/python3.10/site-packages/airflow/operators/python.py", line 198, in execute_callable
    return self.python_callable(*self.op_args, **self.op_kwargs)
  File "/opt/airflow/dags/project_dag.py", line 44, in churn_analysis
    churn_analysis()
  File "/opt/airflow/scripts/churn_modeling.py", line 31, in churn_analysis
    rf_model.fit(X_train, y_train)
  File "/home/airflow/.local/lib/python3.10/site-packages/sklearn/base.py", line 1151, in wrapper
    return fit_method(estimator, *args, **kwargs)
  File "/home/airflow/.local/lib/python3.10/site-packages/sklearn/ensemble/_forest.py", line 348, in fit
    X, y = self._validate_data(
  File "/home/airflow/.local/lib/python3.10/site-packages/sklearn/base.py", line 621, in _validate_data
    X, y = check_X_y(X, y, **check_params)
  File "/home/airflow/.local/lib/python3.10/site-packages/sklearn/utils/validation.py", line 1147, in check_X_y
    X = check_array(
  File "/home/airflow/.local/lib/python3.10/site-packages/sklearn/utils/validation.py", line 959, in check_array
    _assert_all_finite(
  File "/home/airflow/.local/lib/python3.10/site-packages/sklearn/utils/validation.py", line 124, in _assert_all_finite
    _assert_all_finite_element_wise(
  File "/home/airflow/.local/lib/python3.10/site-packages/sklearn/utils/validation.py", line 173, in _assert_all_finite_element_wise
    raise ValueError(msg_err)
ValueError: Input X contains NaN.
RandomForestClassifier does not accept missing values encoded as NaN natively. For supervised learning, you might want to consider sklearn.ensemble.HistGradientBoostingClassifier and Regressor which accept missing values encoded as NaNs natively. Alternatively, it is possible to preprocess the data, for instance by using an imputer transformer in a pipeline or drop samples with missing values. See https://scikit-learn.org/stable/modules/impute.html You can find a list of all estimators that handle NaN values at the following page: https://scikit-learn.org/stable/modules/impute.html#estimators-that-handle-nan-values
[2025-08-05T02:00:17.155+0000] {taskinstance.py:1368} INFO - Marking task as UP_FOR_RETRY. dag_id=saas_dag, task_id=churn_analysis, execution_date=20250805T015955, start_date=20250805T020014, end_date=20250805T020017
[2025-08-05T02:00:17.171+0000] {standard_task_runner.py:104} ERROR - Failed to execute job 22 for task churn_analysis (Input X contains NaN.
RandomForestClassifier does not accept missing values encoded as NaN natively. For supervised learning, you might want to consider sklearn.ensemble.HistGradientBoostingClassifier and Regressor which accept missing values encoded as NaNs natively. Alternatively, it is possible to preprocess the data, for instance by using an imputer transformer in a pipeline or drop samples with missing values. See https://scikit-learn.org/stable/modules/impute.html You can find a list of all estimators that handle NaN values at the following page: https://scikit-learn.org/stable/modules/impute.html#estimators-that-handle-nan-values; 483)
[2025-08-05T02:00:17.223+0000] {local_task_job_runner.py:232} INFO - Task exited with return code 1
[2025-08-05T02:00:17.251+0000] {taskinstance.py:2674} INFO - 0 downstream tasks scheduled from follow-on schedule check
