[2025-08-05T01:33:32.100+0000] {taskinstance.py:1125} INFO - Dependencies all met for dep_context=non-requeueable deps ti=<TaskInstance: saas_dag.data_transform manual__2025-08-05T01:33:16.766392+00:00 [queued]>
[2025-08-05T01:33:32.107+0000] {taskinstance.py:1125} INFO - Dependencies all met for dep_context=requeueable deps ti=<TaskInstance: saas_dag.data_transform manual__2025-08-05T01:33:16.766392+00:00 [queued]>
[2025-08-05T01:33:32.108+0000] {taskinstance.py:1331} INFO - Starting attempt 1 of 4
[2025-08-05T01:33:32.123+0000] {taskinstance.py:1350} INFO - Executing <Task(_PythonDecoratedOperator): data_transform> on 2025-08-05 01:33:16.766392+00:00
[2025-08-05T01:33:32.126+0000] {standard_task_runner.py:57} INFO - Started process 170 to run task
[2025-08-05T01:33:32.131+0000] {standard_task_runner.py:84} INFO - Running: ['airflow', 'tasks', 'run', 'saas_dag', 'data_transform', 'manual__2025-08-05T01:33:16.766392+00:00', '--job-id', '8', '--raw', '--subdir', 'DAGS_FOLDER/project_dag.py', '--cfg-path', '/tmp/tmpi4wfvnxu']
[2025-08-05T01:33:32.133+0000] {standard_task_runner.py:85} INFO - Job 8: Subtask data_transform
[2025-08-05T01:33:32.174+0000] {task_command.py:410} INFO - Running <TaskInstance: saas_dag.data_transform manual__2025-08-05T01:33:16.766392+00:00 [running]> on host dfbd74e97932
[2025-08-05T01:33:32.522+0000] {taskinstance.py:1568} INFO - Exporting env vars: AIRFLOW_CTX_DAG_OWNER='Cody Lee' AIRFLOW_CTX_DAG_ID='saas_dag' AIRFLOW_CTX_TASK_ID='data_transform' AIRFLOW_CTX_EXECUTION_DATE='2025-08-05T01:33:16.766392+00:00' AIRFLOW_CTX_TRY_NUMBER='1' AIRFLOW_CTX_DAG_RUN_ID='manual__2025-08-05T01:33:16.766392+00:00'
[2025-08-05T01:33:33.022+0000] {taskinstance.py:1847} ERROR - Task failed with exception
Traceback (most recent call last):
  File "/home/airflow/.local/lib/python3.10/site-packages/airflow/decorators/base.py", line 220, in execute
    return_value = super().execute(context)
  File "/home/airflow/.local/lib/python3.10/site-packages/airflow/operators/python.py", line 181, in execute
    return_value = self.execute_callable()
  File "/home/airflow/.local/lib/python3.10/site-packages/airflow/operators/python.py", line 198, in execute_callable
    return self.python_callable(*self.op_args, **self.op_kwargs)
  File "/opt/airflow/dags/project_dag.py", line 39, in data_transform
    data_transform()
  File "/opt/airflow/scripts/transform.py", line 6, in data_transform
    con = duckdb.connect("opt/airflow/forecastintelligence.duckdb")
duckdb.IOException: IO Error: Cannot open file "/opt/airflow/opt/airflow/forecastintelligence.duckdb": No such file or directory
[2025-08-05T01:33:33.029+0000] {taskinstance.py:1368} INFO - Marking task as UP_FOR_RETRY. dag_id=saas_dag, task_id=data_transform, execution_date=20250805T013316, start_date=20250805T013332, end_date=20250805T013333
[2025-08-05T01:33:33.039+0000] {standard_task_runner.py:104} ERROR - Failed to execute job 8 for task data_transform (IO Error: Cannot open file "/opt/airflow/opt/airflow/forecastintelligence.duckdb": No such file or directory; 170)
[2025-08-05T01:33:33.091+0000] {local_task_job_runner.py:232} INFO - Task exited with return code 1
[2025-08-05T01:33:33.123+0000] {taskinstance.py:2674} INFO - 0 downstream tasks scheduled from follow-on schedule check
