[2025-08-05T01:39:28.442+0000] {taskinstance.py:1125} INFO - Dependencies all met for dep_context=non-requeueable deps ti=<TaskInstance: saas_dag.churn_analysis manual__2025-08-05T01:39:01.912090+00:00 [queued]>
[2025-08-05T01:39:28.465+0000] {taskinstance.py:1125} INFO - Dependencies all met for dep_context=requeueable deps ti=<TaskInstance: saas_dag.churn_analysis manual__2025-08-05T01:39:01.912090+00:00 [queued]>
[2025-08-05T01:39:28.466+0000] {taskinstance.py:1331} INFO - Starting attempt 1 of 4
[2025-08-05T01:39:28.504+0000] {taskinstance.py:1350} INFO - Executing <Task(_PythonDecoratedOperator): churn_analysis> on 2025-08-05 01:39:01.912090+00:00
[2025-08-05T01:39:28.508+0000] {standard_task_runner.py:57} INFO - Started process 257 to run task
[2025-08-05T01:39:28.515+0000] {standard_task_runner.py:84} INFO - Running: ['airflow', 'tasks', 'run', 'saas_dag', 'churn_analysis', 'manual__2025-08-05T01:39:01.912090+00:00', '--job-id', '12', '--raw', '--subdir', 'DAGS_FOLDER/project_dag.py', '--cfg-path', '/tmp/tmp7vu7r5pm']
[2025-08-05T01:39:28.518+0000] {standard_task_runner.py:85} INFO - Job 12: Subtask churn_analysis
[2025-08-05T01:39:28.689+0000] {task_command.py:410} INFO - Running <TaskInstance: saas_dag.churn_analysis manual__2025-08-05T01:39:01.912090+00:00 [running]> on host dfbd74e97932
[2025-08-05T01:39:29.059+0000] {taskinstance.py:1568} INFO - Exporting env vars: AIRFLOW_CTX_DAG_OWNER='Cody Lee' AIRFLOW_CTX_DAG_ID='saas_dag' AIRFLOW_CTX_TASK_ID='churn_analysis' AIRFLOW_CTX_EXECUTION_DATE='2025-08-05T01:39:01.912090+00:00' AIRFLOW_CTX_TRY_NUMBER='1' AIRFLOW_CTX_DAG_RUN_ID='manual__2025-08-05T01:39:01.912090+00:00'
[2025-08-05T01:39:29.954+0000] {font_manager.py:1547} INFO - generated new fontManager
[2025-08-05T01:39:32.738+0000] {taskinstance.py:1847} ERROR - Task failed with exception
Traceback (most recent call last):
  File "/home/airflow/.local/lib/python3.10/site-packages/airflow/decorators/base.py", line 220, in execute
    return_value = super().execute(context)
  File "/home/airflow/.local/lib/python3.10/site-packages/airflow/operators/python.py", line 181, in execute
    return_value = self.execute_callable()
  File "/home/airflow/.local/lib/python3.10/site-packages/airflow/operators/python.py", line 198, in execute_callable
    return self.python_callable(*self.op_args, **self.op_kwargs)
  File "/opt/airflow/dags/project_dag.py", line 44, in churn_analysis
    churn_analysis()
  File "/opt/airflow/scripts/churn_modeling.py", line 11, in churn_analysis
    data = pd.read_csv("opt/airflow/clean_data/churn_model_data.csv")
  File "/home/airflow/.local/lib/python3.10/site-packages/pandas/io/parsers/readers.py", line 912, in read_csv
    return _read(filepath_or_buffer, kwds)
  File "/home/airflow/.local/lib/python3.10/site-packages/pandas/io/parsers/readers.py", line 577, in _read
    parser = TextFileReader(filepath_or_buffer, **kwds)
  File "/home/airflow/.local/lib/python3.10/site-packages/pandas/io/parsers/readers.py", line 1407, in __init__
    self._engine = self._make_engine(f, self.engine)
  File "/home/airflow/.local/lib/python3.10/site-packages/pandas/io/parsers/readers.py", line 1661, in _make_engine
    self.handles = get_handle(
  File "/home/airflow/.local/lib/python3.10/site-packages/pandas/io/common.py", line 859, in get_handle
    handle = open(
FileNotFoundError: [Errno 2] No such file or directory: 'opt/airflow/clean_data/churn_model_data.csv'
[2025-08-05T01:39:32.765+0000] {taskinstance.py:1368} INFO - Marking task as UP_FOR_RETRY. dag_id=saas_dag, task_id=churn_analysis, execution_date=20250805T013901, start_date=20250805T013928, end_date=20250805T013932
[2025-08-05T01:39:32.800+0000] {standard_task_runner.py:104} ERROR - Failed to execute job 12 for task churn_analysis ([Errno 2] No such file or directory: 'opt/airflow/clean_data/churn_model_data.csv'; 257)
[2025-08-05T01:39:32.858+0000] {local_task_job_runner.py:232} INFO - Task exited with return code 1
[2025-08-05T01:39:32.922+0000] {taskinstance.py:2674} INFO - 0 downstream tasks scheduled from follow-on schedule check
