[2025-08-05T01:17:50.033+0000] {taskinstance.py:1125} INFO - Dependencies all met for dep_context=non-requeueable deps ti=<TaskInstance: saas_dag.data_generation manual__2025-08-05T01:17:43.485211+00:00 [queued]>
[2025-08-05T01:17:50.045+0000] {taskinstance.py:1125} INFO - Dependencies all met for dep_context=requeueable deps ti=<TaskInstance: saas_dag.data_generation manual__2025-08-05T01:17:43.485211+00:00 [queued]>
[2025-08-05T01:17:50.047+0000] {taskinstance.py:1331} INFO - Starting attempt 1 of 4
[2025-08-05T01:17:50.074+0000] {taskinstance.py:1350} INFO - Executing <Task(_PythonDecoratedOperator): data_generation> on 2025-08-05 01:17:43.485211+00:00
[2025-08-05T01:17:50.082+0000] {standard_task_runner.py:57} INFO - Started process 57 to run task
[2025-08-05T01:17:50.119+0000] {standard_task_runner.py:84} INFO - Running: ['airflow', 'tasks', 'run', 'saas_dag', 'data_generation', 'manual__2025-08-05T01:17:43.485211+00:00', '--job-id', '3', '--raw', '--subdir', 'DAGS_FOLDER/project_dag.py', '--cfg-path', '/tmp/tmpf8yo_sgr']
[2025-08-05T01:17:50.136+0000] {standard_task_runner.py:85} INFO - Job 3: Subtask data_generation
[2025-08-05T01:17:50.474+0000] {task_command.py:410} INFO - Running <TaskInstance: saas_dag.data_generation manual__2025-08-05T01:17:43.485211+00:00 [running]> on host dfbd74e97932
[2025-08-05T01:17:51.414+0000] {taskinstance.py:1568} INFO - Exporting env vars: AIRFLOW_CTX_DAG_OWNER='Cody Lee' AIRFLOW_CTX_DAG_ID='saas_dag' AIRFLOW_CTX_TASK_ID='data_generation' AIRFLOW_CTX_EXECUTION_DATE='2025-08-05T01:17:43.485211+00:00' AIRFLOW_CTX_TRY_NUMBER='1' AIRFLOW_CTX_DAG_RUN_ID='manual__2025-08-05T01:17:43.485211+00:00'
[2025-08-05T01:17:51.418+0000] {taskinstance.py:1847} ERROR - Task failed with exception
Traceback (most recent call last):
  File "/home/airflow/.local/lib/python3.10/site-packages/airflow/decorators/base.py", line 220, in execute
    return_value = super().execute(context)
  File "/home/airflow/.local/lib/python3.10/site-packages/airflow/operators/python.py", line 181, in execute
    return_value = self.execute_callable()
  File "/home/airflow/.local/lib/python3.10/site-packages/airflow/operators/python.py", line 198, in execute_callable
    return self.python_callable(*self.op_args, **self.op_kwargs)
  File "/opt/airflow/dags/project_dag.py", line 26, in data_generation
    from scripts.data_gen import data_generation
ModuleNotFoundError: No module named 'scripts'
[2025-08-05T01:17:51.427+0000] {taskinstance.py:1368} INFO - Marking task as UP_FOR_RETRY. dag_id=saas_dag, task_id=data_generation, execution_date=20250805T011743, start_date=20250805T011750, end_date=20250805T011751
[2025-08-05T01:17:51.439+0000] {standard_task_runner.py:104} ERROR - Failed to execute job 3 for task data_generation (No module named 'scripts'; 57)
[2025-08-05T01:17:51.486+0000] {local_task_job_runner.py:232} INFO - Task exited with return code 1
[2025-08-05T01:17:51.518+0000] {taskinstance.py:2674} INFO - 0 downstream tasks scheduled from follow-on schedule check
