[2025-08-05T01:29:24.029+0000] {taskinstance.py:1125} INFO - Dependencies all met for dep_context=non-requeueable deps ti=<TaskInstance: saas_dag.data_ingest manual__2025-08-05T01:29:10.226791+00:00 [queued]>
[2025-08-05T01:29:24.036+0000] {taskinstance.py:1125} INFO - Dependencies all met for dep_context=requeueable deps ti=<TaskInstance: saas_dag.data_ingest manual__2025-08-05T01:29:10.226791+00:00 [queued]>
[2025-08-05T01:29:24.036+0000] {taskinstance.py:1331} INFO - Starting attempt 1 of 4
[2025-08-05T01:29:24.051+0000] {taskinstance.py:1350} INFO - Executing <Task(_PythonDecoratedOperator): data_ingest> on 2025-08-05 01:29:10.226791+00:00
[2025-08-05T01:29:24.054+0000] {standard_task_runner.py:57} INFO - Started process 98 to run task
[2025-08-05T01:29:24.062+0000] {standard_task_runner.py:84} INFO - Running: ['airflow', 'tasks', 'run', 'saas_dag', 'data_ingest', 'manual__2025-08-05T01:29:10.226791+00:00', '--job-id', '5', '--raw', '--subdir', 'DAGS_FOLDER/project_dag.py', '--cfg-path', '/tmp/tmpf7xa2mh1']
[2025-08-05T01:29:24.064+0000] {standard_task_runner.py:85} INFO - Job 5: Subtask data_ingest
[2025-08-05T01:29:24.191+0000] {task_command.py:410} INFO - Running <TaskInstance: saas_dag.data_ingest manual__2025-08-05T01:29:10.226791+00:00 [running]> on host dfbd74e97932
[2025-08-05T01:29:24.991+0000] {taskinstance.py:1568} INFO - Exporting env vars: AIRFLOW_CTX_DAG_OWNER='Cody Lee' AIRFLOW_CTX_DAG_ID='saas_dag' AIRFLOW_CTX_TASK_ID='data_ingest' AIRFLOW_CTX_EXECUTION_DATE='2025-08-05T01:29:10.226791+00:00' AIRFLOW_CTX_TRY_NUMBER='1' AIRFLOW_CTX_DAG_RUN_ID='manual__2025-08-05T01:29:10.226791+00:00'
[2025-08-05T01:29:25.856+0000] {taskinstance.py:1847} ERROR - Task failed with exception
Traceback (most recent call last):
  File "/home/airflow/.local/lib/python3.10/site-packages/airflow/decorators/base.py", line 220, in execute
    return_value = super().execute(context)
  File "/home/airflow/.local/lib/python3.10/site-packages/airflow/operators/python.py", line 181, in execute
    return_value = self.execute_callable()
  File "/home/airflow/.local/lib/python3.10/site-packages/airflow/operators/python.py", line 198, in execute_callable
    return self.python_callable(*self.op_args, **self.op_kwargs)
  File "/opt/airflow/dags/project_dag.py", line 34, in data_ingest
    data_ingest()
  File "/opt/airflow/scripts/ingestion.py", line 19, in data_ingest
    con.execute("""
duckdb.IOException: IO Error: No files found that match the pattern "opt/airflow/raw_data/survey.csv"
[2025-08-05T01:29:25.861+0000] {taskinstance.py:1368} INFO - Marking task as UP_FOR_RETRY. dag_id=saas_dag, task_id=data_ingest, execution_date=20250805T012910, start_date=20250805T012924, end_date=20250805T012925
[2025-08-05T01:29:25.870+0000] {standard_task_runner.py:104} ERROR - Failed to execute job 5 for task data_ingest (IO Error: No files found that match the pattern "opt/airflow/raw_data/survey.csv"; 98)
[2025-08-05T01:29:25.917+0000] {local_task_job_runner.py:232} INFO - Task exited with return code 1
[2025-08-05T01:29:25.956+0000] {taskinstance.py:2674} INFO - 0 downstream tasks scheduled from follow-on schedule check
