[2025-08-05T04:16:54.137+0000] {taskinstance.py:1125} INFO - Dependencies all met for dep_context=non-requeueable deps ti=<TaskInstance: saas_dag.rev_analysis manual__2025-08-05T04:16:29.147316+00:00 [queued]>
[2025-08-05T04:16:54.145+0000] {taskinstance.py:1125} INFO - Dependencies all met for dep_context=requeueable deps ti=<TaskInstance: saas_dag.rev_analysis manual__2025-08-05T04:16:29.147316+00:00 [queued]>
[2025-08-05T04:16:54.145+0000] {taskinstance.py:1331} INFO - Starting attempt 1 of 4
[2025-08-05T04:16:54.160+0000] {taskinstance.py:1350} INFO - Executing <Task(_PythonDecoratedOperator): rev_analysis> on 2025-08-05 04:16:29.147316+00:00
[2025-08-05T04:16:54.164+0000] {standard_task_runner.py:57} INFO - Started process 1230 to run task
[2025-08-05T04:16:54.168+0000] {standard_task_runner.py:84} INFO - Running: ['airflow', 'tasks', 'run', 'saas_dag', 'rev_analysis', 'manual__2025-08-05T04:16:29.147316+00:00', '--job-id', '48', '--raw', '--subdir', 'DAGS_FOLDER/project_dag.py', '--cfg-path', '/tmp/tmpntn2hpmx']
[2025-08-05T04:16:54.170+0000] {standard_task_runner.py:85} INFO - Job 48: Subtask rev_analysis
[2025-08-05T04:16:54.214+0000] {task_command.py:410} INFO - Running <TaskInstance: saas_dag.rev_analysis manual__2025-08-05T04:16:29.147316+00:00 [running]> on host dfbd74e97932
[2025-08-05T04:16:54.578+0000] {taskinstance.py:1568} INFO - Exporting env vars: AIRFLOW_CTX_DAG_OWNER='Cody Lee' AIRFLOW_CTX_DAG_ID='saas_dag' AIRFLOW_CTX_TASK_ID='rev_analysis' AIRFLOW_CTX_EXECUTION_DATE='2025-08-05T04:16:29.147316+00:00' AIRFLOW_CTX_TRY_NUMBER='1' AIRFLOW_CTX_DAG_RUN_ID='manual__2025-08-05T04:16:29.147316+00:00'
[2025-08-05T04:16:56.533+0000] {logging_mixin.py:149} INFO - ADF Statistic: -4.4845567386255825
[2025-08-05T04:16:56.533+0000] {logging_mixin.py:149} INFO - p-value: 0.00020966808783049506
[2025-08-05T04:16:56.534+0000] {logging_mixin.py:149} INFO - Critical Values: {'1%': -3.7529275211638033, '5%': -2.998499866852963, '10%': -2.6389669754253307}
[2025-08-05T04:16:56.585+0000] {logging_mixin.py:149} INFO -                                SARIMAX Results                                
==============================================================================
Dep. Variable:             actual_usd   No. Observations:                   24
Model:                 ARIMA(2, 1, 0)   Log Likelihood                -337.709
Date:                Tue, 05 Aug 2025   AIC                            681.418
Time:                        04:16:56   BIC                            684.824
Sample:                             0   HQIC                           682.274
                                 - 24                                         
Covariance Type:                  opg                                         
==============================================================================
                 coef    std err          z      P>|z|      [0.025      0.975]
------------------------------------------------------------------------------
ar.L1         -0.3889      0.209     -1.862      0.063      -0.798       0.021
ar.L2         -0.0078      0.203     -0.038      0.969      -0.406       0.390
sigma2      3.013e+11   1.03e-13   2.94e+24      0.000    3.01e+11    3.01e+11
===================================================================================
Ljung-Box (L1) (Q):                   0.24   Jarque-Bera (JB):                 1.16
Prob(Q):                              0.62   Prob(JB):                         0.56
Heteroskedasticity (H):               1.88   Skew:                            -0.27
Prob(H) (two-sided):                  0.39   Kurtosis:                         2.05
===================================================================================

Warnings:
[1] Covariance matrix calculated using the outer product of gradients (complex-step).
[2] Covariance matrix is singular or near-singular, with condition number 6.9e+40. Standard errors may be unstable.
[2025-08-05T04:16:57.529+0000] {logging_mixin.py:149} INFO - Forecast table saved to /opt/airflow//outputs/forecast_table.csv
[2025-08-05T04:16:57.530+0000] {python.py:183} INFO - Done. Returned value was: None
[2025-08-05T04:16:57.541+0000] {taskinstance.py:1368} INFO - Marking task as SUCCESS. dag_id=saas_dag, task_id=rev_analysis, execution_date=20250805T041629, start_date=20250805T041654, end_date=20250805T041657
[2025-08-05T04:16:57.588+0000] {local_task_job_runner.py:232} INFO - Task exited with return code 0
[2025-08-05T04:16:57.616+0000] {taskinstance.py:2674} INFO - 0 downstream tasks scheduled from follow-on schedule check
